// Jest Snapshot v1, https://goo.gl/fbAQLP

exports[`Test customizedMarkers SVG 1`] = `"<div style=\\"width: 600px; height: 200px;\\"><svg preserveAspectRatio=\\"none\\" width=\\"100%\\" height=\\"100%\\" viewBox=\\"0 0 600 200\\"><g><g id=\\"mockID\\" class=\\"chrt-axis chrt-x-axis\\" transform=\\"translate(0,180)\\"><line data-id=\\"tick-x-axis-line\\" stroke=\\"#000\\" stroke-width=\\"1\\" x1=\\"40\\" x2=\\"580\\" y1=\\"0\\" y2=\\"0\\"></line><g data-id=\\"tick-x-0\\" transform=\\"translate(40, 0)\\" style=\\"display: block;\\"><line stroke=\\"#000\\" stroke-width=\\"1\\" x1=\\"0\\" x2=\\"0\\" y1=\\"0\\" y2=\\"5\\"></line></g><g data-id=\\"tick-x-1\\" transform=\\"translate(117.14285714285714, 0)\\" style=\\"display: block;\\"><line stroke=\\"#000\\" stroke-width=\\"1\\" x1=\\"0\\" x2=\\"0\\" y1=\\"0\\" y2=\\"5\\"></line></g><g data-id=\\"tick-x-2\\" transform=\\"translate(194.28571428571428, 0)\\" style=\\"display: block;\\"><line stroke=\\"#000\\" stroke-width=\\"1\\" x1=\\"0\\" x2=\\"0\\" y1=\\"0\\" y2=\\"5\\"></line></g><g data-id=\\"tick-x-3\\" transform=\\"translate(271.42857142857144, 0)\\" style=\\"display: block;\\"><line stroke=\\"#000\\" stroke-width=\\"1\\" x1=\\"0\\" x2=\\"0\\" y1=\\"0\\" y2=\\"5\\"></line></g><g data-id=\\"tick-x-4\\" transform=\\"translate(348.57142857142856, 0)\\" style=\\"display: block;\\"><line stroke=\\"#000\\" stroke-width=\\"1\\" x1=\\"0\\" x2=\\"0\\" y1=\\"0\\" y2=\\"5\\"></line></g><g data-id=\\"tick-x-5\\" transform=\\"translate(425.7142857142857, 0)\\" style=\\"display: block;\\"><line stroke=\\"#000\\" stroke-width=\\"1\\" x1=\\"0\\" x2=\\"0\\" y1=\\"0\\" y2=\\"5\\"></line></g><g data-id=\\"tick-x-6\\" transform=\\"translate(502.85714285714283, 0)\\" style=\\"display: block;\\"><line stroke=\\"#000\\" stroke-width=\\"1\\" x1=\\"0\\" x2=\\"0\\" y1=\\"0\\" y2=\\"5\\"></line></g><g data-id=\\"tick-x-7\\" transform=\\"translate(580, 0)\\" style=\\"display: block;\\"><line stroke=\\"#000\\" stroke-width=\\"1\\" x1=\\"0\\" x2=\\"0\\" y1=\\"0\\" y2=\\"5\\"></line></g><g data-id=\\"label-x-0\\" transform=\\"translate(40, 0)\\" style=\\"display: block;\\"><text fill=\\"#000\\" text-anchor=\\"middle\\" y=\\"5\\" data-orientation=\\"1\\" dy=\\"1em\\">0</text></g><g data-id=\\"label-x-1\\" transform=\\"translate(117.14285714285714, 0)\\" style=\\"display: block;\\"><text fill=\\"#000\\" text-anchor=\\"middle\\" y=\\"5\\" data-orientation=\\"1\\" dy=\\"1em\\">1</text></g><g data-id=\\"label-x-2\\" transform=\\"translate(194.28571428571428, 0)\\" style=\\"display: block;\\"><text fill=\\"#000\\" text-anchor=\\"middle\\" y=\\"5\\" data-orientation=\\"1\\" dy=\\"1em\\">2</text></g><g data-id=\\"label-x-3\\" transform=\\"translate(271.42857142857144, 0)\\" style=\\"display: block;\\"><text fill=\\"#000\\" text-anchor=\\"middle\\" y=\\"5\\" data-orientation=\\"1\\" dy=\\"1em\\">3</text></g><g data-id=\\"label-x-4\\" transform=\\"translate(348.57142857142856, 0)\\" style=\\"display: block;\\"><text fill=\\"#000\\" text-anchor=\\"middle\\" y=\\"5\\" data-orientation=\\"1\\" dy=\\"1em\\">4</text></g><g data-id=\\"label-x-5\\" transform=\\"translate(425.7142857142857, 0)\\" style=\\"display: block;\\"><text fill=\\"#000\\" text-anchor=\\"middle\\" y=\\"5\\" data-orientation=\\"1\\" dy=\\"1em\\">5</text></g><g data-id=\\"label-x-6\\" transform=\\"translate(502.85714285714283, 0)\\" style=\\"display: block;\\"><text fill=\\"#000\\" text-anchor=\\"middle\\" y=\\"5\\" data-orientation=\\"1\\" dy=\\"1em\\">6</text></g><g data-id=\\"label-x-7\\" transform=\\"translate(580, 0)\\" style=\\"display: block;\\"><text fill=\\"#000\\" text-anchor=\\"middle\\" y=\\"5\\" data-orientation=\\"1\\" dy=\\"1em\\">7</text></g></g><g id=\\"mockID\\" class=\\"chrt-axis chrt-y-axis\\" transform=\\"translate(40,0)\\"><line data-id=\\"tick-y-axis-line\\" stroke=\\"#000\\" stroke-width=\\"1\\" x1=\\"0\\" x2=\\"0\\" y1=\\"20\\" y2=\\"180\\"></line><g data-id=\\"tick-y-0\\" transform=\\"translate(0, 180)\\" style=\\"display: block;\\"><line stroke=\\"#000\\" stroke-width=\\"1\\" x1=\\"0\\" x2=\\"-5\\"></line></g><g data-id=\\"tick-y-1\\" transform=\\"translate(0, 162.22222222222223)\\" style=\\"display: block;\\"><line stroke=\\"#000\\" stroke-width=\\"1\\" x1=\\"0\\" x2=\\"-5\\"></line></g><g data-id=\\"tick-y-2\\" transform=\\"translate(0, 144.44444444444446)\\" style=\\"display: block;\\"><line stroke=\\"#000\\" stroke-width=\\"1\\" x1=\\"0\\" x2=\\"-5\\"></line></g><g data-id=\\"tick-y-3\\" transform=\\"translate(0, 126.66666666666667)\\" style=\\"display: block;\\"><line stroke=\\"#000\\" stroke-width=\\"1\\" x1=\\"0\\" x2=\\"-5\\"></line></g><g data-id=\\"tick-y-4\\" transform=\\"translate(0, 108.88888888888889)\\" style=\\"display: block;\\"><line stroke=\\"#000\\" stroke-width=\\"1\\" x1=\\"0\\" x2=\\"-5\\"></line></g><g data-id=\\"tick-y-5\\" transform=\\"translate(0, 91.11111111111111)\\" style=\\"display: block;\\"><line stroke=\\"#000\\" stroke-width=\\"1\\" x1=\\"0\\" x2=\\"-5\\"></line></g><g data-id=\\"tick-y-6\\" transform=\\"translate(0, 73.33333333333334)\\" style=\\"display: block;\\"><line stroke=\\"#000\\" stroke-width=\\"1\\" x1=\\"0\\" x2=\\"-5\\"></line></g><g data-id=\\"tick-y-7\\" transform=\\"translate(0, 55.55555555555556)\\" style=\\"display: block;\\"><line stroke=\\"#000\\" stroke-width=\\"1\\" x1=\\"0\\" x2=\\"-5\\"></line></g><g data-id=\\"tick-y-8\\" transform=\\"translate(0, 37.77777777777777)\\" style=\\"display: block;\\"><line stroke=\\"#000\\" stroke-width=\\"1\\" x1=\\"0\\" x2=\\"-5\\"></line></g><g data-id=\\"tick-y-9\\" transform=\\"translate(0, 20)\\" style=\\"display: block;\\"><line stroke=\\"#000\\" stroke-width=\\"1\\" x1=\\"0\\" x2=\\"-5\\"></line></g><g data-id=\\"label-y-0\\" transform=\\"translate(0, 180)\\" style=\\"display: block;\\"><text fill=\\"#000\\" text-anchor=\\"end\\" x=\\"-5\\" dx=\\"-5px\\" dy=\\"0.25em\\">0</text></g><g data-id=\\"label-y-1\\" transform=\\"translate(0, 162.22222222222223)\\" style=\\"display: block;\\"><text fill=\\"#000\\" text-anchor=\\"end\\" x=\\"-5\\" dx=\\"-5px\\" dy=\\"0.25em\\">1</text></g><g data-id=\\"label-y-2\\" transform=\\"translate(0, 144.44444444444446)\\" style=\\"display: block;\\"><text fill=\\"#000\\" text-anchor=\\"end\\" x=\\"-5\\" dx=\\"-5px\\" dy=\\"0.25em\\">2</text></g><g data-id=\\"label-y-3\\" transform=\\"translate(0, 126.66666666666667)\\" style=\\"display: block;\\"><text fill=\\"#000\\" text-anchor=\\"end\\" x=\\"-5\\" dx=\\"-5px\\" dy=\\"0.25em\\">3</text></g><g data-id=\\"label-y-4\\" transform=\\"translate(0, 108.88888888888889)\\" style=\\"display: block;\\"><text fill=\\"#000\\" text-anchor=\\"end\\" x=\\"-5\\" dx=\\"-5px\\" dy=\\"0.25em\\">4</text></g><g data-id=\\"label-y-5\\" transform=\\"translate(0, 91.11111111111111)\\" style=\\"display: block;\\"><text fill=\\"#000\\" text-anchor=\\"end\\" x=\\"-5\\" dx=\\"-5px\\" dy=\\"0.25em\\">5</text></g><g data-id=\\"label-y-6\\" transform=\\"translate(0, 73.33333333333334)\\" style=\\"display: block;\\"><text fill=\\"#000\\" text-anchor=\\"end\\" x=\\"-5\\" dx=\\"-5px\\" dy=\\"0.25em\\">6</text></g><g data-id=\\"label-y-7\\" transform=\\"translate(0, 55.55555555555556)\\" style=\\"display: block;\\"><text fill=\\"#000\\" text-anchor=\\"end\\" x=\\"-5\\" dx=\\"-5px\\" dy=\\"0.25em\\">7</text></g><g data-id=\\"label-y-8\\" transform=\\"translate(0, 37.77777777777777)\\" style=\\"display: block;\\"><text fill=\\"#000\\" text-anchor=\\"end\\" x=\\"-5\\" dx=\\"-5px\\" dy=\\"0.25em\\">8</text></g><g data-id=\\"label-y-9\\" transform=\\"translate(0, 20)\\" style=\\"display: block;\\"><text fill=\\"#000\\" text-anchor=\\"end\\" x=\\"-5\\" dx=\\"-5px\\" dy=\\"0.25em\\">9</text></g></g><g id=\\"mockID\\" class=\\"chrt-line\\"><path data-id=\\"path-0\\" d=\\"M40,180L117.14285714285714,144.44444444444446L194.28571428571428,73.33333333333334L271.42857142857144,144.44444444444446L348.57142857142856,91.11111111111111L425.7142857142857,20L502.85714285714283,108.88888888888889L580,91.11111111111111\\" stroke=\\"#000\\" stroke-width=\\"1\\" stroke-opacity=\\"1\\" stroke-linejoin=\\"round\\" fill=\\"none\\"></path><g><circle cx=\\"40\\" cy=\\"180\\" fill=\\"#f00\\" fill-opacity=\\"0.5\\" r=\\"10\\" stroke=\\"#00f\\" stroke-width=\\"3\\" stroke-opacity=\\"0.5\\"></circle><circle cx=\\"117.14285714285714\\" cy=\\"144.44444444444446\\" fill=\\"#f00\\" fill-opacity=\\"0.5\\" r=\\"10\\" stroke=\\"#00f\\" stroke-width=\\"3\\" stroke-opacity=\\"0.5\\"></circle><circle cx=\\"194.28571428571428\\" cy=\\"73.33333333333334\\" fill=\\"#f00\\" fill-opacity=\\"0.5\\" r=\\"10\\" stroke=\\"#00f\\" stroke-width=\\"3\\" stroke-opacity=\\"0.5\\"></circle><circle cx=\\"271.42857142857144\\" cy=\\"144.44444444444446\\" fill=\\"#f00\\" fill-opacity=\\"0.5\\" r=\\"10\\" stroke=\\"#00f\\" stroke-width=\\"3\\" stroke-opacity=\\"0.5\\"></circle><circle cx=\\"348.57142857142856\\" cy=\\"91.11111111111111\\" fill=\\"#f00\\" fill-opacity=\\"0.5\\" r=\\"10\\" stroke=\\"#00f\\" stroke-width=\\"3\\" stroke-opacity=\\"0.5\\"></circle><circle cx=\\"425.7142857142857\\" cy=\\"20\\" fill=\\"#f00\\" fill-opacity=\\"0.5\\" r=\\"10\\" stroke=\\"#00f\\" stroke-width=\\"3\\" stroke-opacity=\\"0.5\\"></circle><circle cx=\\"502.85714285714283\\" cy=\\"108.88888888888889\\" fill=\\"#f00\\" fill-opacity=\\"0.5\\" r=\\"10\\" stroke=\\"#00f\\" stroke-width=\\"3\\" stroke-opacity=\\"0.5\\"></circle><circle cx=\\"580\\" cy=\\"91.11111111111111\\" fill=\\"#f00\\" fill-opacity=\\"0.5\\" r=\\"10\\" stroke=\\"#00f\\" stroke-width=\\"3\\" stroke-opacity=\\"0.5\\"></circle></g></g></g></svg></div>"`;

exports[`Test defaultMarkers SVG 1`] = `"<div style=\\"width: 600px; height: 200px;\\"><svg preserveAspectRatio=\\"none\\" width=\\"100%\\" height=\\"100%\\" viewBox=\\"0 0 600 200\\"><g><g id=\\"mockID\\" class=\\"chrt-axis chrt-x-axis\\" transform=\\"translate(0,180)\\"><line data-id=\\"tick-x-axis-line\\" stroke=\\"#000\\" stroke-width=\\"1\\" x1=\\"40\\" x2=\\"580\\" y1=\\"0\\" y2=\\"0\\"></line><g data-id=\\"tick-x-0\\" transform=\\"translate(40, 0)\\" style=\\"display: block;\\"><line stroke=\\"#000\\" stroke-width=\\"1\\" x1=\\"0\\" x2=\\"0\\" y1=\\"0\\" y2=\\"5\\"></line></g><g data-id=\\"tick-x-1\\" transform=\\"translate(117.14285714285714, 0)\\" style=\\"display: block;\\"><line stroke=\\"#000\\" stroke-width=\\"1\\" x1=\\"0\\" x2=\\"0\\" y1=\\"0\\" y2=\\"5\\"></line></g><g data-id=\\"tick-x-2\\" transform=\\"translate(194.28571428571428, 0)\\" style=\\"display: block;\\"><line stroke=\\"#000\\" stroke-width=\\"1\\" x1=\\"0\\" x2=\\"0\\" y1=\\"0\\" y2=\\"5\\"></line></g><g data-id=\\"tick-x-3\\" transform=\\"translate(271.42857142857144, 0)\\" style=\\"display: block;\\"><line stroke=\\"#000\\" stroke-width=\\"1\\" x1=\\"0\\" x2=\\"0\\" y1=\\"0\\" y2=\\"5\\"></line></g><g data-id=\\"tick-x-4\\" transform=\\"translate(348.57142857142856, 0)\\" style=\\"display: block;\\"><line stroke=\\"#000\\" stroke-width=\\"1\\" x1=\\"0\\" x2=\\"0\\" y1=\\"0\\" y2=\\"5\\"></line></g><g data-id=\\"tick-x-5\\" transform=\\"translate(425.7142857142857, 0)\\" style=\\"display: block;\\"><line stroke=\\"#000\\" stroke-width=\\"1\\" x1=\\"0\\" x2=\\"0\\" y1=\\"0\\" y2=\\"5\\"></line></g><g data-id=\\"tick-x-6\\" transform=\\"translate(502.85714285714283, 0)\\" style=\\"display: block;\\"><line stroke=\\"#000\\" stroke-width=\\"1\\" x1=\\"0\\" x2=\\"0\\" y1=\\"0\\" y2=\\"5\\"></line></g><g data-id=\\"tick-x-7\\" transform=\\"translate(580, 0)\\" style=\\"display: block;\\"><line stroke=\\"#000\\" stroke-width=\\"1\\" x1=\\"0\\" x2=\\"0\\" y1=\\"0\\" y2=\\"5\\"></line></g><g data-id=\\"label-x-0\\" transform=\\"translate(40, 0)\\" style=\\"display: block;\\"><text fill=\\"#000\\" text-anchor=\\"middle\\" y=\\"5\\" data-orientation=\\"1\\" dy=\\"1em\\">0</text></g><g data-id=\\"label-x-1\\" transform=\\"translate(117.14285714285714, 0)\\" style=\\"display: block;\\"><text fill=\\"#000\\" text-anchor=\\"middle\\" y=\\"5\\" data-orientation=\\"1\\" dy=\\"1em\\">1</text></g><g data-id=\\"label-x-2\\" transform=\\"translate(194.28571428571428, 0)\\" style=\\"display: block;\\"><text fill=\\"#000\\" text-anchor=\\"middle\\" y=\\"5\\" data-orientation=\\"1\\" dy=\\"1em\\">2</text></g><g data-id=\\"label-x-3\\" transform=\\"translate(271.42857142857144, 0)\\" style=\\"display: block;\\"><text fill=\\"#000\\" text-anchor=\\"middle\\" y=\\"5\\" data-orientation=\\"1\\" dy=\\"1em\\">3</text></g><g data-id=\\"label-x-4\\" transform=\\"translate(348.57142857142856, 0)\\" style=\\"display: block;\\"><text fill=\\"#000\\" text-anchor=\\"middle\\" y=\\"5\\" data-orientation=\\"1\\" dy=\\"1em\\">4</text></g><g data-id=\\"label-x-5\\" transform=\\"translate(425.7142857142857, 0)\\" style=\\"display: block;\\"><text fill=\\"#000\\" text-anchor=\\"middle\\" y=\\"5\\" data-orientation=\\"1\\" dy=\\"1em\\">5</text></g><g data-id=\\"label-x-6\\" transform=\\"translate(502.85714285714283, 0)\\" style=\\"display: block;\\"><text fill=\\"#000\\" text-anchor=\\"middle\\" y=\\"5\\" data-orientation=\\"1\\" dy=\\"1em\\">6</text></g><g data-id=\\"label-x-7\\" transform=\\"translate(580, 0)\\" style=\\"display: block;\\"><text fill=\\"#000\\" text-anchor=\\"middle\\" y=\\"5\\" data-orientation=\\"1\\" dy=\\"1em\\">7</text></g></g><g id=\\"mockID\\" class=\\"chrt-axis chrt-y-axis\\" transform=\\"translate(40,0)\\"><line data-id=\\"tick-y-axis-line\\" stroke=\\"#000\\" stroke-width=\\"1\\" x1=\\"0\\" x2=\\"0\\" y1=\\"20\\" y2=\\"180\\"></line><g data-id=\\"tick-y-0\\" transform=\\"translate(0, 180)\\" style=\\"display: block;\\"><line stroke=\\"#000\\" stroke-width=\\"1\\" x1=\\"0\\" x2=\\"-5\\"></line></g><g data-id=\\"tick-y-1\\" transform=\\"translate(0, 162.22222222222223)\\" style=\\"display: block;\\"><line stroke=\\"#000\\" stroke-width=\\"1\\" x1=\\"0\\" x2=\\"-5\\"></line></g><g data-id=\\"tick-y-2\\" transform=\\"translate(0, 144.44444444444446)\\" style=\\"display: block;\\"><line stroke=\\"#000\\" stroke-width=\\"1\\" x1=\\"0\\" x2=\\"-5\\"></line></g><g data-id=\\"tick-y-3\\" transform=\\"translate(0, 126.66666666666667)\\" style=\\"display: block;\\"><line stroke=\\"#000\\" stroke-width=\\"1\\" x1=\\"0\\" x2=\\"-5\\"></line></g><g data-id=\\"tick-y-4\\" transform=\\"translate(0, 108.88888888888889)\\" style=\\"display: block;\\"><line stroke=\\"#000\\" stroke-width=\\"1\\" x1=\\"0\\" x2=\\"-5\\"></line></g><g data-id=\\"tick-y-5\\" transform=\\"translate(0, 91.11111111111111)\\" style=\\"display: block;\\"><line stroke=\\"#000\\" stroke-width=\\"1\\" x1=\\"0\\" x2=\\"-5\\"></line></g><g data-id=\\"tick-y-6\\" transform=\\"translate(0, 73.33333333333334)\\" style=\\"display: block;\\"><line stroke=\\"#000\\" stroke-width=\\"1\\" x1=\\"0\\" x2=\\"-5\\"></line></g><g data-id=\\"tick-y-7\\" transform=\\"translate(0, 55.55555555555556)\\" style=\\"display: block;\\"><line stroke=\\"#000\\" stroke-width=\\"1\\" x1=\\"0\\" x2=\\"-5\\"></line></g><g data-id=\\"tick-y-8\\" transform=\\"translate(0, 37.77777777777777)\\" style=\\"display: block;\\"><line stroke=\\"#000\\" stroke-width=\\"1\\" x1=\\"0\\" x2=\\"-5\\"></line></g><g data-id=\\"tick-y-9\\" transform=\\"translate(0, 20)\\" style=\\"display: block;\\"><line stroke=\\"#000\\" stroke-width=\\"1\\" x1=\\"0\\" x2=\\"-5\\"></line></g><g data-id=\\"label-y-0\\" transform=\\"translate(0, 180)\\" style=\\"display: block;\\"><text fill=\\"#000\\" text-anchor=\\"end\\" x=\\"-5\\" dx=\\"-5px\\" dy=\\"0.25em\\">0</text></g><g data-id=\\"label-y-1\\" transform=\\"translate(0, 162.22222222222223)\\" style=\\"display: block;\\"><text fill=\\"#000\\" text-anchor=\\"end\\" x=\\"-5\\" dx=\\"-5px\\" dy=\\"0.25em\\">1</text></g><g data-id=\\"label-y-2\\" transform=\\"translate(0, 144.44444444444446)\\" style=\\"display: block;\\"><text fill=\\"#000\\" text-anchor=\\"end\\" x=\\"-5\\" dx=\\"-5px\\" dy=\\"0.25em\\">2</text></g><g data-id=\\"label-y-3\\" transform=\\"translate(0, 126.66666666666667)\\" style=\\"display: block;\\"><text fill=\\"#000\\" text-anchor=\\"end\\" x=\\"-5\\" dx=\\"-5px\\" dy=\\"0.25em\\">3</text></g><g data-id=\\"label-y-4\\" transform=\\"translate(0, 108.88888888888889)\\" style=\\"display: block;\\"><text fill=\\"#000\\" text-anchor=\\"end\\" x=\\"-5\\" dx=\\"-5px\\" dy=\\"0.25em\\">4</text></g><g data-id=\\"label-y-5\\" transform=\\"translate(0, 91.11111111111111)\\" style=\\"display: block;\\"><text fill=\\"#000\\" text-anchor=\\"end\\" x=\\"-5\\" dx=\\"-5px\\" dy=\\"0.25em\\">5</text></g><g data-id=\\"label-y-6\\" transform=\\"translate(0, 73.33333333333334)\\" style=\\"display: block;\\"><text fill=\\"#000\\" text-anchor=\\"end\\" x=\\"-5\\" dx=\\"-5px\\" dy=\\"0.25em\\">6</text></g><g data-id=\\"label-y-7\\" transform=\\"translate(0, 55.55555555555556)\\" style=\\"display: block;\\"><text fill=\\"#000\\" text-anchor=\\"end\\" x=\\"-5\\" dx=\\"-5px\\" dy=\\"0.25em\\">7</text></g><g data-id=\\"label-y-8\\" transform=\\"translate(0, 37.77777777777777)\\" style=\\"display: block;\\"><text fill=\\"#000\\" text-anchor=\\"end\\" x=\\"-5\\" dx=\\"-5px\\" dy=\\"0.25em\\">8</text></g><g data-id=\\"label-y-9\\" transform=\\"translate(0, 20)\\" style=\\"display: block;\\"><text fill=\\"#000\\" text-anchor=\\"end\\" x=\\"-5\\" dx=\\"-5px\\" dy=\\"0.25em\\">9</text></g></g><g id=\\"mockID\\" class=\\"chrt-line\\"><path data-id=\\"path-0\\" d=\\"M40,180L117.14285714285714,144.44444444444446L194.28571428571428,73.33333333333334L271.42857142857144,144.44444444444446L348.57142857142856,91.11111111111111L425.7142857142857,20L502.85714285714283,108.88888888888889L580,91.11111111111111\\" stroke=\\"#000\\" stroke-width=\\"1\\" stroke-opacity=\\"1\\" stroke-linejoin=\\"round\\" fill=\\"none\\"></path><g><circle cx=\\"40\\" cy=\\"180\\" fill=\\"#000\\" fill-opacity=\\"1\\" r=\\"2\\" stroke=\\"#000\\" stroke-width=\\"1\\" stroke-opacity=\\"1\\"></circle><circle cx=\\"117.14285714285714\\" cy=\\"144.44444444444446\\" fill=\\"#000\\" fill-opacity=\\"1\\" r=\\"2\\" stroke=\\"#000\\" stroke-width=\\"1\\" stroke-opacity=\\"1\\"></circle><circle cx=\\"194.28571428571428\\" cy=\\"73.33333333333334\\" fill=\\"#000\\" fill-opacity=\\"1\\" r=\\"2\\" stroke=\\"#000\\" stroke-width=\\"1\\" stroke-opacity=\\"1\\"></circle><circle cx=\\"271.42857142857144\\" cy=\\"144.44444444444446\\" fill=\\"#000\\" fill-opacity=\\"1\\" r=\\"2\\" stroke=\\"#000\\" stroke-width=\\"1\\" stroke-opacity=\\"1\\"></circle><circle cx=\\"348.57142857142856\\" cy=\\"91.11111111111111\\" fill=\\"#000\\" fill-opacity=\\"1\\" r=\\"2\\" stroke=\\"#000\\" stroke-width=\\"1\\" stroke-opacity=\\"1\\"></circle><circle cx=\\"425.7142857142857\\" cy=\\"20\\" fill=\\"#000\\" fill-opacity=\\"1\\" r=\\"2\\" stroke=\\"#000\\" stroke-width=\\"1\\" stroke-opacity=\\"1\\"></circle><circle cx=\\"502.85714285714283\\" cy=\\"108.88888888888889\\" fill=\\"#000\\" fill-opacity=\\"1\\" r=\\"2\\" stroke=\\"#000\\" stroke-width=\\"1\\" stroke-opacity=\\"1\\"></circle><circle cx=\\"580\\" cy=\\"91.11111111111111\\" fill=\\"#000\\" fill-opacity=\\"1\\" r=\\"2\\" stroke=\\"#000\\" stroke-width=\\"1\\" stroke-opacity=\\"1\\"></circle></g></g></g></svg></div>"`;
